O Windows PowerShell
Copyright (C) Microsoft Corporation. Todos os direitos reservados.

Instale o PowerShell mais recente para obter novos recursos e aprimoramentos! https://aka.ms/PSWindows

PS C:\Users\CAMARGO> node -v
v16.14.0
PS C:\Users\CAMARGO> npm -v
8.3.1
PS C:\Users\CAMARGO> npm i -g expo-cli
npm WARN deprecated source-map-url@0.4.1: See https://github.com/lydell/source-map-url#deprecated
npm WARN deprecated urix@0.1.0: Please see https://github.com/lydell/urix#deprecated
npm WARN deprecated resolve-url@0.2.1: https://github.com/lydell/resolve-url#deprecated
npm WARN deprecated source-map-resolve@0.5.3: See https://github.com/lydell/source-map-resolve#deprecated
npm WARN deprecated uuid@3.4.0: Please upgrade  to version 7 or higher.  Older versions may use Math.random() in certain circumstances, which is known to be problematic.  See https://v8.dev/blog/math-random for details.
npm WARN deprecated uuid@3.4.0: Please upgrade  to version 7 or higher.  Older versions may use Math.random() in certain circumstances, which is known to be problematic.  See https://v8.dev/blog/math-random for details.
npm WARN deprecated chokidar@2.1.8: Chokidar 2 does not receive security updates since 2019. Upgrade to chokidar 3 with 15x fewer dependencies
npm WARN deprecated querystring@0.2.0: The querystring API is considered Legacy. new code should use the URLSearchParams API instead.
npm WARN deprecated stable@0.1.8: Modern JS already guarantees Array#sort() is a stable sort, so this library is deprecated. See the compatibility table on MDN: https://developer.mozilla.org/en-US/docs/Web/JavaScript/Reference/Global_Objects/Array/sort#browser_compatibility
npm WARN deprecated svgo@1.3.2: This SVGO version is no longer supported. Upgrade to v2.x.x.
npm WARN deprecated chokidar@2.1.8: Chokidar 2 does not receive security updates since 2019. Upgrade to chokidar 3 with 15x fewer dependencies

added 1460 packages, and audited 1461 packages in 1m

123 packages are looking for funding
  run `npm fund` for details

26 vulnerabilities (7 moderate, 17 high, 2 critical)

To address issues that do not require attention, run:
  npm audit fix

To address all issues (including breaking changes), run:
  npm audit fix --force

Run `npm audit` for details.
npm notice
npm notice New minor version of npm available! 8.3.1 -> 8.17.0
npm notice Changelog: https://github.com/npm/cli/releases/tag/v8.17.0
npm notice Run npm install -g npm@8.17.0 to update!
npm notice
PS C:\Users\CAMARGO> npx create-expo-app NicJan
Need to install the following packages:
  create-expo-app
Ok to proceed? (y) y
√ Downloaded and extracted project files.
√ Installed JavaScript dependencies.

✅ Your project is ready!

To run your project, navigate to the directory and run one of the following npm commands.

- cd NicJan
- npm run android
- npm run ios # you need to use macOS to build the iOS project - use the Expo app if you need to do iOS development without a Mac
- npm run web
PS C:\Users\CAMARGO> cd. \NicJan\
cd. : O termo 'cd.' não é reconhecido como nome de cmdlet, função, arquivo de script ou programa operável. Verifique a
grafia do nome ou, se um caminho tiver sido incluído, veja se o caminho está correto e tente novamente.
No linha:1 caractere:1
+ cd. \NicJan\
+ ~~~
    + CategoryInfo          : ObjectNotFound: (cd.:String) [], CommandNotFoundException
    + FullyQualifiedErrorId : CommandNotFoundException

PS C:\Users\CAMARGO> cd. NicJan
cd. : O termo 'cd.' não é reconhecido como nome de cmdlet, função, arquivo de script ou programa operável. Verifique a
grafia do nome ou, se um caminho tiver sido incluído, veja se o caminho está correto e tente novamente.
No linha:1 caractere:1
+ cd. NicJan
+ ~~~
    + CategoryInfo          : ObjectNotFound: (cd.:String) [], CommandNotFoundException
    + FullyQualifiedErrorId : CommandNotFoundException

PS C:\Users\CAMARGO> cd NicJan
PS C:\Users\CAMARGO\NicJan> code .
PS C:\Users\CAMARGO\NicJan> npm run start

> nicjan@1.0.0 start
> expo start

Starting project at C:\Users\CAMARGO\NicJan
Starting Metro Bundler
▄▄▄▄▄▄▄▄▄▄▄▄▄▄▄▄▄▄▄▄▄▄▄▄▄▄▄
█ ▄▄▄▄▄ █   █▄ ▀▄▀█ ▄▄▄▄▄ █
█ █   █ █ ▀▄ █▀█ ▄█ █   █ █
█ █▄▄▄█ █▀██▀▀▀▀▄██ █▄▄▄█ █
█▄▄▄▄▄▄▄█▄▀▄█ █ █▄█▄▄▄▄▄▄▄█
█ ▄██▄ ▄▀█▀▀▄▀█▄ ███ ▀▄▄ ▄█
██▄▄  ▀▄▄ █▀ ▄▄█▄ ▀ █▄  ▀██
█▀▄█▄ █▄ ██▄█▄▀▄▀▄▀▄▀▀▄ ▀██
███ ▀██▄▀ ▄▄█▀█▀▄▄▄█▄▀ ▀███
█▄▄▄▄█▄▄▄ ▀▀▄ █▄▄ ▄▄▄ ▀ ▄▄█
█ ▄▄▄▄▄ █▀█  ██▀▀ █▄█ ▀▀███
█ █   █ █▄▄█▀▀▀▄█▄▄ ▄▄▀ ▀▀█
█ █▄▄▄█ █▀ █ ███▄██▄▀█▀▀ ██
█▄▄▄▄▄▄▄█▄█████▄████▄▄▄▄▄▄█

› Metro waiting on exp://192.168.2.109:19000
› Scan the QR code above with Expo Go (Android) or the Camera app (iOS)

› Press a │ open Android
› Press w │ open web

› Press r │ reload app
› Press m │ toggle menu

› Press ? │ show all commands

Logs for your project will appear below. Press Ctrl+C to exit.
It looks like you're trying to use web support but don't have the required dependencies installed.

Please install react-native-web@~0.18.7, react-dom@18.0.0, @expo/webpack-config@^0.17.0 by running:

npx expo install react-native-web@~0.18.7 react-dom@18.0.0 @expo/webpack-config@^0.17.0

If you're not using web, please ensure you remove the "web" string from the platforms array in the project Expo config.

It looks like you're trying to use web support but don't have the required dependencies installed.

Please install react-native-web@~0.18.7, react-dom@18.0.0, @expo/webpack-config@^0.17.0 by running:

npx expo install react-native-web@~0.18.7 react-dom@18.0.0 @expo/webpack-config@^0.17.0

If you're not using web, please ensure you remove the "web" string from the platforms array in the project Expo config.

› Stopped server
PS C:\Users\CAMARGO\NicJan> npm run web

> nicjan@1.0.0 web
> expo start --web

Starting project at C:\Users\CAMARGO\NicJan
CommandError: It looks like you're trying to use web support but don't have the required dependencies installed.

Please install react-native-web@~0.18.7, react-dom@18.0.0, @expo/webpack-config@^0.17.0 by running:

npx expo install react-native-web@~0.18.7 react-dom@18.0.0 @expo/webpack-config@^0.17.0

If you're not using web, please ensure you remove the "web" string from the platforms array in the project Expo config.

PS C:\Users\CAMARGO\NicJan> npx expo install react-native-web@~0.18.7 react-dom@18.0.0 @expo/webpack-config@^0.17.0
>>
› Installing 3 SDK 46.0.0 compatible native modules using npm
> npm install
npm WARN deprecated stable@0.1.8: Modern JS already guarantees Array#sort() is a stable sort, so this library is deprecated. See the compatibility table on MDN: https://developer.mozilla.org/en-US/docs/Web/JavaScript/Reference/Global_Objects/Array/sort#browser_compatibility
npm WARN deprecated chokidar@2.1.8: Chokidar 2 does not receive security updates since 2019. Upgrade to chokidar 3 with 15x fewer dependencies
npm WARN deprecated chokidar@2.1.8: Chokidar 2 does not receive security updates since 2019. Upgrade to chokidar 3 with 15x fewer dependencies
npm WARN deprecated querystring@0.2.0: The querystring API is considered Legacy. new code should use the URLSearchParams API instead.
npm WARN deprecated svgo@1.3.2: This SVGO version is no longer supported. Upgrade to v2.x.x.

added 687 packages, and audited 1822 packages in 47s

121 packages are looking for funding
  run `npm fund` for details

20 vulnerabilities (3 moderate, 15 high, 2 critical)

To address issues that do not require attention, run:
  npm audit fix

To address all issues (including breaking changes), run:
  npm audit fix --force

Run `npm audit` for details.

PS C:\Users\CAMARGO\NicJan>
PS C:\Users\CAMARGO\NicJan> npm run web

> nicjan@1.0.0 web
> expo start --web

Starting project at C:\Users\CAMARGO\NicJan
Starting Metro Bundler
Starting Webpack on port 19006 in development mode.
‼ ｢wds｣: transportMode is an experimental option, meaning its usage could potentially change without warning
▄▄▄▄▄▄▄▄▄▄▄▄▄▄▄▄▄▄▄▄▄▄▄▄▄▄▄
█ ▄▄▄▄▄ █   █▄ ▀▄▀█ ▄▄▄▄▄ █
█ █   █ █ ▀▄ █▀█ ▄█ █   █ █
█ █▄▄▄█ █▀██▀▀▀▀▄██ █▄▄▄█ █
█▄▄▄▄▄▄▄█▄▀▄█ █ █▄█▄▄▄▄▄▄▄█
█ ▄██▄ ▄▀█▀▀▄▀█▄ ███ ▀▄▄ ▄█
██▄▄  ▀▄▄ █▀ ▄▄█▄ ▀ █▄  ▀██
█▀▄█▄ █▄ ██▄█▄▀▄▀▄▀▄▀▀▄ ▀██
███ ▀██▄▀ ▄▄█▀█▀▄▄▄█▄▀ ▀███
█▄▄▄▄█▄▄▄ ▀▀▄ █▄▄ ▄▄▄ ▀ ▄▄█
█ ▄▄▄▄▄ █▀█  ██▀▀ █▄█ ▀▀███
█ █   █ █▄▄█▀▀▀▄█▄▄ ▄▄▀ ▀▀█
█ █▄▄▄█ █▀ █ ███▄██▄▀█▀▀ ██
█▄▄▄▄▄▄▄█▄█████▄████▄▄▄▄▄▄█

› Metro waiting on exp://192.168.2.109:19000
› Scan the QR code above with Expo Go (Android) or the Camera app (iOS)

› Web is waiting on http://localhost:19006

› Press a │ open Android
› Press w │ open web

› Press r │ reload app
› Press m │ toggle menu

› Press ? │ show all commands

Logs for your project will appear below. Press Ctrl+C to exit.
Using node to generate images. This is much slower than using native packages.
› Optionally you can stop the process and try again after successfully running `npm install -g sharp-cli`.

Using node to generate images. This is much slower than using native packages.
› Optionally you can stop the process and try again after successfully running `npm install -g sharp-cli`.

Using node to generate images. This is much slower than using native packages.
› Optionally you can stop the process and try again after successfully running `npm install -g sharp-cli`.

